2026-05-28 20:03:21,642 - twister - INFO - Using Ninja..
2026-05-28 20:03:21,735 - twister - INFO - Zephyr version: v4.3.0
2026-05-28 20:03:21,737 - twister - DEBUG - Running cmake script /home/ivan/projects/zephyr_workbench/deps/zephyr/cmake/verify-toolchain.cmake
2026-05-28 20:03:21,737 - twister - DEBUG - Calling cmake: /usr/bin/cmake -DFORMAT=json -P /home/ivan/projects/zephyr_workbench/deps/zephyr/cmake/verify-toolchain.cmake
2026-05-28 20:03:21,894 - twister - DEBUG - Finished running /home/ivan/projects/zephyr_workbench/deps/zephyr/cmake/verify-toolchain.cmake
2026-05-28 20:03:21,894 - twister - INFO - Using 'zephyr' toolchain.
2026-05-28 20:03:22,987 - twister - DEBUG - Reading testsuite configuration files under /home/ivan/projects/zephyr_workbench/zephyr-course/tests/ring_buf...
2026-05-28 20:03:22,987 - twister - DEBUG - Found possible testsuite in /home/ivan/projects/zephyr_workbench/zephyr-course/tests/ring_buf
2026-05-28 20:03:22,989 - twister - DEBUG - No duplicates found.
2026-05-28 20:03:22,989 - twister - DEBUG -  platform filter: ['native_sim']
2026-05-28 20:03:22,990 - twister - DEBUG - platform_pattern: []
2026-05-28 20:03:22,990 - twister - DEBUG -    vendor filter: []
2026-05-28 20:03:22,990 - twister - DEBUG -      arch_filter: None
2026-05-28 20:03:22,990 - twister - DEBUG -       tag_filter: None
2026-05-28 20:03:22,990 - twister - DEBUG -      exclude_tag: None
2026-05-28 20:03:22,990 - twister - DEBUG - Checking platform filter: ['native_sim']
2026-05-28 20:03:22,990 - twister - INFO - Building initial testsuite list...
2026-05-28 20:03:22,990 - twister - INFO - Writing JSON report /home/ivan/projects/zephyr_workbench/zephyr-course/twister-out/testplan.json
2026-05-28 20:03:23,000 - twister - INFO - JOBS: 16
2026-05-28 20:03:23,000 - twister - INFO - Adding tasks to the queue...
2026-05-28 20:03:23,000 - twister - DEBUG - adding native_sim/native/host/homework.unit.ring_buf
2026-05-28 20:03:23,001 - twister - INFO - Added initial list of jobs to queue
2026-05-28 20:03:23,006 - twister - DEBUG - Running cmake on /home/ivan/projects/zephyr_workbench/zephyr-course/tests/ring_buf for native_sim/native
2026-05-28 20:03:23,006 - twister - DEBUG - Calling cmake: /usr/bin/cmake -B/home/ivan/projects/zephyr_workbench/zephyr-course/twister-out/native_sim_native/host/zephyr-course/tests/ring_buf/homework.unit.ring_buf -DTC_RUNID=445888166d1c9e0b8b72886ba7e50dcd -DTC_NAME=homework.unit.ring_buf -DCONFIG_COMPILER_WARNINGS_AS_ERRORS=y -DEXTRA_GEN_EDT_ARGS=--edtlib-Werror -GNinja -DPython3_EXECUTABLE=/home/ivan/projects/zephyr_workbench/.venv/bin/python3.14 -DZEPHYR_TOOLCHAIN_VARIANT=host -S/home/ivan/projects/zephyr_workbench/zephyr-course/tests/ring_buf -DBOARD=native_sim/native
2026-05-28 20:03:23,025 - twister - DEBUG - Launched 16 jobs
2026-05-28 20:03:27,098 - twister - DEBUG - Finished running cmake /home/ivan/projects/zephyr_workbench/zephyr-course/tests/ring_buf for native_sim/native in 4.09 seconds
2026-05-28 20:03:27,100 - twister - DEBUG - build test: native_sim/native/host/homework.unit.ring_buf
2026-05-28 20:03:27,100 - twister - DEBUG - Building /home/ivan/projects/zephyr_workbench/zephyr-course/tests/ring_buf for native_sim/native
2026-05-28 20:03:27,100 - twister - DEBUG - Running /usr/bin/cmake --build /home/ivan/projects/zephyr_workbench/zephyr-course/twister-out/native_sim_native/host/zephyr-course/tests/ring_buf/homework.unit.ring_buf
2026-05-28 20:03:28,527 - twister - DEBUG - Finished building /home/ivan/projects/zephyr_workbench/zephyr-course/tests/ring_buf for native_sim/native in 1.43 seconds
2026-05-28 20:03:28,527 - twister - DEBUG - Determine test cases for test instance: native_sim/native/host/homework.unit.ring_buf
2026-05-28 20:03:28,527 - twister - DEBUG - Determine test cases for test suite: homework.unit.ring_buf
2026-05-28 20:03:28,574 - twister - DEBUG - Test instance native_sim/native/host/homework.unit.ring_buf already has 8 testcase(s) known: [<TestCase ring_buf_push_pop.single_push_pop with None>, <TestCase ring_buf_boundaries.peek_does_not_consume with None>, <TestCase ring_buf_boundaries.is_full_after_fill with None>, <TestCase ring_buf_push_pop.fifo_order with None>, <TestCase ring_buf_boundaries.pop_null_returns_einval with None>, <TestCase ring_buf_init.fresh_state with None>, <TestCase ring_buf_push_pop.push_full_returns_enospc with None>, <TestCase ring_buf_init.reinit_clears_state with None>]
2026-05-28 20:03:28,574 - twister - DEBUG - Detected 8 Ztest case(s): [ring_buf_boundaries.is_full_after_fill, ring_buf_boundaries.pop_null_returns_einval, ring_buf_boundaries.peek_does_not_consume, ring_buf_push_pop.push_full_returns_enospc, ring_buf_push_pop.fifo_order, ring_buf_push_pop.single_push_pop, ring_buf_init.reinit_clears_state, ring_buf_init.fresh_state] in /home/ivan/projects/zephyr_workbench/zephyr-course/twister-out/native_sim_native/host/zephyr-course/tests/ring_buf/homework.unit.ring_buf/zephyr/zephyr.elf
2026-05-28 20:03:28,576 - twister - DEBUG - run test: native_sim/native/host/homework.unit.ring_buf
2026-05-28 20:03:28,576 - twister - DEBUG - Reset instance status from 'passed' to None before run.
2026-05-28 20:03:28,576 - twister - DEBUG - Spawning process: /home/ivan/projects/zephyr_workbench/zephyr-course/twister-out/native_sim_native/host/zephyr-course/tests/ring_buf/homework.unit.ring_buf/zephyr/zephyr.exe
in directory: /home/ivan/projects/zephyr_workbench/zephyr-course/twister-out/native_sim_native/host/zephyr-course/tests/ring_buf/homework.unit.ring_buf
2026-05-28 20:03:28,577 - twister - DEBUG - Spawning BinaryHandler Thread for native_sim/native/host/homework.unit.ring_buf
2026-05-28 20:03:28,578 - twister - DEBUG - OUTPUT: *** Booting Zephyr OS build v4.3.0 ***
2026-05-28 20:03:28,578 - twister - DEBUG - OUTPUT: Running TESTSUITE ring_buf_boundaries
2026-05-28 20:03:28,578 - twister - DEBUG - OUTPUT: ===================================================================
2026-05-28 20:03:28,578 - twister - DEBUG - OUTPUT: START - test_pop_null_returns_einval
2026-05-28 20:03:28,579 - twister - DEBUG - OUTPUT: [00:00:00.000,000] [1;31m<err> ring_buf: value pointer is NULL[0m
2026-05-28 20:03:28,579 - twister - DEBUG - OUTPUT:  PASS - test_pop_null_returns_einval in 0.000 seconds
2026-05-28 20:03:28,579 - twister - DEBUG - OUTPUT: ===================================================================
2026-05-28 20:03:28,579 - twister - DEBUG - OUTPUT: START - test_is_full_after_fill
2026-05-28 20:03:28,579 - twister - DEBUG - OUTPUT:  PASS - test_is_full_after_fill in 0.000 seconds
2026-05-28 20:03:28,579 - twister - DEBUG - OUTPUT: ===================================================================
2026-05-28 20:03:28,579 - twister - DEBUG - OUTPUT: START - test_peek_does_not_consume
2026-05-28 20:03:28,579 - twister - DEBUG - OUTPUT:  PASS - test_peek_does_not_consume in 0.000 seconds
2026-05-28 20:03:28,579 - twister - DEBUG - OUTPUT: ===================================================================
2026-05-28 20:03:28,580 - twister - DEBUG - OUTPUT: START - test_peek_does_not_consume
2026-05-28 20:03:28,580 - twister - DEBUG - OUTPUT:  PASS - test_peek_does_not_consume in 0.000 seconds
2026-05-28 20:03:28,580 - twister - DEBUG - OUTPUT: ===================================================================
2026-05-28 20:03:28,580 - twister - DEBUG - OUTPUT: START - test_is_full_after_fill
2026-05-28 20:03:28,580 - twister - DEBUG - OUTPUT:  PASS - test_is_full_after_fill in 0.000 seconds
2026-05-28 20:03:28,580 - twister - DEBUG - OUTPUT: ===================================================================
2026-05-28 20:03:28,580 - twister - DEBUG - OUTPUT: START - test_pop_null_returns_einval
2026-05-28 20:03:28,580 - twister - DEBUG - OUTPUT: [00:00:00.000,000] [1;31m<err> ring_buf: value pointer is NULL[0m
2026-05-28 20:03:28,580 - twister - DEBUG - OUTPUT:  PASS - test_pop_null_returns_einval in 0.000 seconds
2026-05-28 20:03:28,580 - twister - DEBUG - OUTPUT: ===================================================================
2026-05-28 20:03:28,581 - twister - DEBUG - OUTPUT: START - test_peek_does_not_consume
2026-05-28 20:03:28,581 - twister - DEBUG - OUTPUT:  PASS - test_peek_does_not_consume in 0.000 seconds
2026-05-28 20:03:28,581 - twister - DEBUG - OUTPUT: ===================================================================
2026-05-28 20:03:28,581 - twister - DEBUG - OUTPUT: START - test_pop_null_returns_einval
2026-05-28 20:03:28,581 - twister - DEBUG - OUTPUT: [00:00:00.000,000] [1;31m<err> ring_buf: value pointer is NULL[0m
2026-05-28 20:03:28,581 - twister - DEBUG - OUTPUT:  PASS - test_pop_null_returns_einval in 0.000 seconds
2026-05-28 20:03:28,581 - twister - DEBUG - OUTPUT: ===================================================================
2026-05-28 20:03:28,581 - twister - DEBUG - OUTPUT: START - test_is_full_after_fill
2026-05-28 20:03:28,581 - twister - DEBUG - OUTPUT:  PASS - test_is_full_after_fill in 0.000 seconds
2026-05-28 20:03:28,581 - twister - DEBUG - OUTPUT: ===================================================================
2026-05-28 20:03:28,582 - twister - DEBUG - OUTPUT: TESTSUITE ring_buf_boundaries succeeded
2026-05-28 20:03:28,582 - twister - DEBUG - OUTPUT: Running TESTSUITE ring_buf_boundaries
2026-05-28 20:03:28,582 - twister - DEBUG - OUTPUT: ===================================================================
2026-05-28 20:03:28,582 - twister - DEBUG - OUTPUT: START - test_peek_does_not_consume
2026-05-28 20:03:28,582 - twister - DEBUG - OUTPUT:  PASS - test_peek_does_not_consume in 0.000 seconds
2026-05-28 20:03:28,582 - twister - DEBUG - OUTPUT: ===================================================================
2026-05-28 20:03:28,582 - twister - DEBUG - OUTPUT: START - test_is_full_after_fill
2026-05-28 20:03:28,582 - twister - DEBUG - OUTPUT:  PASS - test_is_full_after_fill in 0.000 seconds
2026-05-28 20:03:28,582 - twister - DEBUG - OUTPUT: ===================================================================
2026-05-28 20:03:28,582 - twister - DEBUG - OUTPUT: START - test_pop_null_returns_einval
2026-05-28 20:03:28,583 - twister - DEBUG - OUTPUT: [00:00:00.000,000] [1;31m<err> ring_buf: value pointer is NULL[0m
2026-05-28 20:03:28,583 - twister - DEBUG - OUTPUT:  PASS - test_pop_null_returns_einval in 0.000 seconds
2026-05-28 20:03:28,583 - twister - DEBUG - OUTPUT: ===================================================================
2026-05-28 20:03:28,583 - twister - DEBUG - OUTPUT: START - test_peek_does_not_consume
2026-05-28 20:03:28,583 - twister - DEBUG - OUTPUT:  PASS - test_peek_does_not_consume in 0.000 seconds
2026-05-28 20:03:28,583 - twister - DEBUG - OUTPUT: ===================================================================
2026-05-28 20:03:28,583 - twister - DEBUG - OUTPUT: START - test_is_full_after_fill
2026-05-28 20:03:28,583 - twister - DEBUG - OUTPUT:  PASS - test_is_full_after_fill in 0.000 seconds
2026-05-28 20:03:28,583 - twister - DEBUG - OUTPUT: ===================================================================
2026-05-28 20:03:28,583 - twister - DEBUG - OUTPUT: START - test_pop_null_returns_einval
2026-05-28 20:03:28,583 - twister - DEBUG - OUTPUT: [00:00:00.000,000] [1;31m<err> ring_buf: value pointer is NULL[0m
2026-05-28 20:03:28,584 - twister - DEBUG - OUTPUT:  PASS - test_pop_null_returns_einval in 0.000 seconds
2026-05-28 20:03:28,584 - twister - DEBUG - OUTPUT: ===================================================================
2026-05-28 20:03:28,584 - twister - DEBUG - OUTPUT: START - test_is_full_after_fill
2026-05-28 20:03:28,584 - twister - DEBUG - OUTPUT:  PASS - test_is_full_after_fill in 0.000 seconds
2026-05-28 20:03:28,584 - twister - DEBUG - OUTPUT: ===================================================================
2026-05-28 20:03:28,584 - twister - DEBUG - OUTPUT: START - test_peek_does_not_consume
2026-05-28 20:03:28,584 - twister - DEBUG - OUTPUT:  PASS - test_peek_does_not_consume in 0.000 seconds
2026-05-28 20:03:28,584 - twister - DEBUG - OUTPUT: ===================================================================
2026-05-28 20:03:28,584 - twister - DEBUG - OUTPUT: START - test_pop_null_returns_einval
2026-05-28 20:03:28,584 - twister - DEBUG - OUTPUT: [00:00:00.000,000] [1;31m<err> ring_buf: value pointer is NULL[0m
2026-05-28 20:03:28,585 - twister - DEBUG - OUTPUT:  PASS - test_pop_null_returns_einval in 0.000 seconds
2026-05-28 20:03:28,585 - twister - DEBUG - OUTPUT: ===================================================================
2026-05-28 20:03:28,585 - twister - DEBUG - OUTPUT: TESTSUITE ring_buf_boundaries succeeded
2026-05-28 20:03:28,585 - twister - DEBUG - OUTPUT: Running TESTSUITE ring_buf_boundaries
2026-05-28 20:03:28,585 - twister - DEBUG - OUTPUT: ===================================================================
2026-05-28 20:03:28,585 - twister - DEBUG - OUTPUT: START - test_is_full_after_fill
2026-05-28 20:03:28,585 - twister - DEBUG - OUTPUT:  PASS - test_is_full_after_fill in 0.000 seconds
2026-05-28 20:03:28,585 - twister - DEBUG - OUTPUT: ===================================================================
2026-05-28 20:03:28,585 - twister - DEBUG - OUTPUT: START - test_peek_does_not_consume
2026-05-28 20:03:28,585 - twister - DEBUG - OUTPUT:  PASS - test_peek_does_not_consume in 0.000 seconds
2026-05-28 20:03:28,586 - twister - DEBUG - OUTPUT: ===================================================================
2026-05-28 20:03:28,586 - twister - DEBUG - OUTPUT: START - test_pop_null_returns_einval
2026-05-28 20:03:28,586 - twister - DEBUG - OUTPUT: [00:00:00.000,000] [1;31m<err> ring_buf: value pointer is NULL[0m
2026-05-28 20:03:28,586 - twister - DEBUG - OUTPUT:  PASS - test_pop_null_returns_einval in 0.000 seconds
2026-05-28 20:03:28,586 - twister - DEBUG - OUTPUT: ===================================================================
2026-05-28 20:03:28,586 - twister - DEBUG - OUTPUT: START - test_peek_does_not_consume
2026-05-28 20:03:28,586 - twister - DEBUG - OUTPUT:  PASS - test_peek_does_not_consume in 0.000 seconds
2026-05-28 20:03:28,586 - twister - DEBUG - OUTPUT: ===================================================================
2026-05-28 20:03:28,586 - twister - DEBUG - OUTPUT: START - test_pop_null_returns_einval
2026-05-28 20:03:28,586 - twister - DEBUG - OUTPUT: [00:00:00.000,000] [1;31m<err> ring_buf: value pointer is NULL[0m
2026-05-28 20:03:28,587 - twister - DEBUG - OUTPUT:  PASS - test_pop_null_returns_einval in 0.000 seconds
2026-05-28 20:03:28,587 - twister - DEBUG - OUTPUT: ===================================================================
2026-05-28 20:03:28,587 - twister - DEBUG - OUTPUT: START - test_is_full_after_fill
2026-05-28 20:03:28,587 - twister - DEBUG - OUTPUT:  PASS - test_is_full_after_fill in 0.000 seconds
2026-05-28 20:03:28,587 - twister - DEBUG - OUTPUT: ===================================================================
2026-05-28 20:03:28,587 - twister - DEBUG - OUTPUT: START - test_peek_does_not_consume
2026-05-28 20:03:28,587 - twister - DEBUG - OUTPUT:  PASS - test_peek_does_not_consume in 0.000 seconds
2026-05-28 20:03:28,587 - twister - DEBUG - OUTPUT: ===================================================================
2026-05-28 20:03:28,587 - twister - DEBUG - OUTPUT: START - test_pop_null_returns_einval
2026-05-28 20:03:28,587 - twister - DEBUG - OUTPUT: [00:00:00.000,000] [1;31m<err> ring_buf: value pointer is NULL[0m
2026-05-28 20:03:28,588 - twister - DEBUG - OUTPUT:  PASS - test_pop_null_returns_einval in 0.000 seconds
2026-05-28 20:03:28,588 - twister - DEBUG - OUTPUT: ===================================================================
2026-05-28 20:03:28,588 - twister - DEBUG - OUTPUT: START - test_is_full_after_fill
2026-05-28 20:03:28,588 - twister - DEBUG - OUTPUT:  PASS - test_is_full_after_fill in 0.000 seconds
2026-05-28 20:03:28,588 - twister - DEBUG - OUTPUT: ===================================================================
2026-05-28 20:03:28,588 - twister - DEBUG - OUTPUT: TESTSUITE ring_buf_boundaries succeeded
2026-05-28 20:03:28,588 - twister - DEBUG - OUTPUT: Running TESTSUITE ring_buf_init
2026-05-28 20:03:28,588 - twister - DEBUG - OUTPUT: ===================================================================
2026-05-28 20:03:28,588 - twister - DEBUG - OUTPUT: START - test_reinit_clears_state
2026-05-28 20:03:28,588 - twister - DEBUG - OUTPUT:  PASS - test_reinit_clears_state in 0.000 seconds
2026-05-28 20:03:28,589 - twister - DEBUG - OUTPUT: ===================================================================
2026-05-28 20:03:28,589 - twister - DEBUG - OUTPUT: START - test_fresh_state
2026-05-28 20:03:28,589 - twister - DEBUG - OUTPUT:  PASS - test_fresh_state in 0.000 seconds
2026-05-28 20:03:28,589 - twister - DEBUG - OUTPUT: ===================================================================
2026-05-28 20:03:28,589 - twister - DEBUG - OUTPUT: START - test_reinit_clears_state
2026-05-28 20:03:28,589 - twister - DEBUG - OUTPUT:  PASS - test_reinit_clears_state in 0.000 seconds
2026-05-28 20:03:28,589 - twister - DEBUG - OUTPUT: ===================================================================
2026-05-28 20:03:28,589 - twister - DEBUG - OUTPUT: START - test_fresh_state
2026-05-28 20:03:28,589 - twister - DEBUG - OUTPUT:  PASS - test_fresh_state in 0.000 seconds
2026-05-28 20:03:28,590 - twister - DEBUG - OUTPUT: ===================================================================
2026-05-28 20:03:28,590 - twister - DEBUG - OUTPUT: START - test_reinit_clears_state
2026-05-28 20:03:28,590 - twister - DEBUG - OUTPUT:  PASS - test_reinit_clears_state in 0.000 seconds
2026-05-28 20:03:28,590 - twister - DEBUG - OUTPUT: ===================================================================
2026-05-28 20:03:28,590 - twister - DEBUG - OUTPUT: START - test_fresh_state
2026-05-28 20:03:28,590 - twister - DEBUG - OUTPUT:  PASS - test_fresh_state in 0.000 seconds
2026-05-28 20:03:28,590 - twister - DEBUG - OUTPUT: ===================================================================
2026-05-28 20:03:28,590 - twister - DEBUG - OUTPUT: TESTSUITE ring_buf_init succeeded
2026-05-28 20:03:28,590 - twister - DEBUG - OUTPUT: Running TESTSUITE ring_buf_init
2026-05-28 20:03:28,590 - twister - DEBUG - OUTPUT: ===================================================================
2026-05-28 20:03:28,591 - twister - DEBUG - OUTPUT: START - test_fresh_state
2026-05-28 20:03:28,591 - twister - DEBUG - OUTPUT:  PASS - test_fresh_state in 0.000 seconds
2026-05-28 20:03:28,591 - twister - DEBUG - OUTPUT: ===================================================================
2026-05-28 20:03:28,591 - twister - DEBUG - OUTPUT: START - test_reinit_clears_state
2026-05-28 20:03:28,591 - twister - DEBUG - OUTPUT:  PASS - test_reinit_clears_state in 0.000 seconds
2026-05-28 20:03:28,591 - twister - DEBUG - OUTPUT: ===================================================================
2026-05-28 20:03:28,591 - twister - DEBUG - OUTPUT: START - test_fresh_state
2026-05-28 20:03:28,591 - twister - DEBUG - OUTPUT:  PASS - test_fresh_state in 0.000 seconds
2026-05-28 20:03:28,591 - twister - DEBUG - OUTPUT: ===================================================================
2026-05-28 20:03:28,591 - twister - DEBUG - OUTPUT: START - test_reinit_clears_state
2026-05-28 20:03:28,592 - twister - DEBUG - OUTPUT:  PASS - test_reinit_clears_state in 0.000 seconds
2026-05-28 20:03:28,592 - twister - DEBUG - OUTPUT: ===================================================================
2026-05-28 20:03:28,592 - twister - DEBUG - OUTPUT: START - test_reinit_clears_state
2026-05-28 20:03:28,592 - twister - DEBUG - OUTPUT:  PASS - test_reinit_clears_state in 0.000 seconds
2026-05-28 20:03:28,592 - twister - DEBUG - OUTPUT: ===================================================================
2026-05-28 20:03:28,592 - twister - DEBUG - OUTPUT: START - test_fresh_state
2026-05-28 20:03:28,592 - twister - DEBUG - OUTPUT:  PASS - test_fresh_state in 0.000 seconds
2026-05-28 20:03:28,592 - twister - DEBUG - OUTPUT: ===================================================================
2026-05-28 20:03:28,592 - twister - DEBUG - OUTPUT: TESTSUITE ring_buf_init succeeded
2026-05-28 20:03:28,592 - twister - DEBUG - OUTPUT: Running TESTSUITE ring_buf_init
2026-05-28 20:03:28,593 - twister - DEBUG - OUTPUT: ===================================================================
2026-05-28 20:03:28,593 - twister - DEBUG - OUTPUT: START - test_fresh_state
2026-05-28 20:03:28,593 - twister - DEBUG - OUTPUT:  PASS - test_fresh_state in 0.000 seconds
2026-05-28 20:03:28,593 - twister - DEBUG - OUTPUT: ===================================================================
2026-05-28 20:03:28,593 - twister - DEBUG - OUTPUT: START - test_reinit_clears_state
2026-05-28 20:03:28,593 - twister - DEBUG - OUTPUT:  PASS - test_reinit_clears_state in 0.000 seconds
2026-05-28 20:03:28,593 - twister - DEBUG - OUTPUT: ===================================================================
2026-05-28 20:03:28,593 - twister - DEBUG - OUTPUT: START - test_fresh_state
2026-05-28 20:03:28,593 - twister - DEBUG - OUTPUT:  PASS - test_fresh_state in 0.000 seconds
2026-05-28 20:03:28,593 - twister - DEBUG - OUTPUT: ===================================================================
2026-05-28 20:03:28,594 - twister - DEBUG - OUTPUT: START - test_reinit_clears_state
2026-05-28 20:03:28,594 - twister - DEBUG - OUTPUT:  PASS - test_reinit_clears_state in 0.000 seconds
2026-05-28 20:03:28,594 - twister - DEBUG - OUTPUT: ===================================================================
2026-05-28 20:03:28,594 - twister - DEBUG - OUTPUT: START - test_reinit_clears_state
2026-05-28 20:03:28,594 - twister - DEBUG - OUTPUT:  PASS - test_reinit_clears_state in 0.000 seconds
2026-05-28 20:03:28,594 - twister - DEBUG - OUTPUT: ===================================================================
2026-05-28 20:03:28,594 - twister - DEBUG - OUTPUT: START - test_fresh_state
2026-05-28 20:03:28,594 - twister - DEBUG - OUTPUT:  PASS - test_fresh_state in 0.000 seconds
2026-05-28 20:03:28,594 - twister - DEBUG - OUTPUT: ===================================================================
2026-05-28 20:03:28,594 - twister - DEBUG - OUTPUT: TESTSUITE ring_buf_init succeeded
2026-05-28 20:03:28,595 - twister - DEBUG - OUTPUT: Running TESTSUITE ring_buf_push_pop
2026-05-28 20:03:28,595 - twister - DEBUG - OUTPUT: ===================================================================
2026-05-28 20:03:28,595 - twister - DEBUG - OUTPUT: START - test_push_full_returns_enospc
2026-05-28 20:03:28,595 - twister - DEBUG - OUTPUT: [00:00:00.000,000] [1;33m<wrn> ring_buf: buffer full (capacity=4)[0m
2026-05-28 20:03:28,595 - twister - DEBUG - OUTPUT:  PASS - test_push_full_returns_enospc in 0.000 seconds
2026-05-28 20:03:28,595 - twister - DEBUG - OUTPUT: ===================================================================
2026-05-28 20:03:28,595 - twister - DEBUG - OUTPUT: START - test_single_push_pop
2026-05-28 20:03:28,595 - twister - DEBUG - OUTPUT:  PASS - test_single_push_pop in 0.000 seconds
2026-05-28 20:03:28,595 - twister - DEBUG - OUTPUT: ===================================================================
2026-05-28 20:03:28,595 - twister - DEBUG - OUTPUT: START - test_fifo_order
2026-05-28 20:03:28,596 - twister - DEBUG - OUTPUT:  PASS - test_fifo_order in 0.000 seconds
2026-05-28 20:03:28,596 - twister - DEBUG - OUTPUT: ===================================================================
2026-05-28 20:03:28,596 - twister - DEBUG - OUTPUT: START - test_push_full_returns_enospc
2026-05-28 20:03:28,596 - twister - DEBUG - OUTPUT: [00:00:00.000,000] [1;33m<wrn> ring_buf: buffer full (capacity=4)[0m
2026-05-28 20:03:28,596 - twister - DEBUG - OUTPUT:  PASS - test_push_full_returns_enospc in 0.000 seconds
2026-05-28 20:03:28,596 - twister - DEBUG - OUTPUT: ===================================================================
2026-05-28 20:03:28,596 - twister - DEBUG - OUTPUT: START - test_fifo_order
2026-05-28 20:03:28,596 - twister - DEBUG - OUTPUT:  PASS - test_fifo_order in 0.000 seconds
2026-05-28 20:03:28,596 - twister - DEBUG - OUTPUT: ===================================================================
2026-05-28 20:03:28,596 - twister - DEBUG - OUTPUT: START - test_single_push_pop
2026-05-28 20:03:28,596 - twister - DEBUG - OUTPUT:  PASS - test_single_push_pop in 0.000 seconds
2026-05-28 20:03:28,597 - twister - DEBUG - OUTPUT: ===================================================================
2026-05-28 20:03:28,597 - twister - DEBUG - OUTPUT: START - test_single_push_pop
2026-05-28 20:03:28,597 - twister - DEBUG - OUTPUT:  PASS - test_single_push_pop in 0.000 seconds
2026-05-28 20:03:28,597 - twister - DEBUG - OUTPUT: ===================================================================
2026-05-28 20:03:28,597 - twister - DEBUG - OUTPUT: START - test_push_full_returns_enospc
2026-05-28 20:03:28,597 - twister - DEBUG - OUTPUT: [00:00:00.000,000] [1;33m<wrn> ring_buf: buffer full (capacity=4)[0m
2026-05-28 20:03:28,597 - twister - DEBUG - OUTPUT:  PASS - test_push_full_returns_enospc in 0.000 seconds
2026-05-28 20:03:28,597 - twister - DEBUG - OUTPUT: ===================================================================
2026-05-28 20:03:28,597 - twister - DEBUG - OUTPUT: START - test_fifo_order
2026-05-28 20:03:28,598 - twister - DEBUG - OUTPUT:  PASS - test_fifo_order in 0.000 seconds
2026-05-28 20:03:28,598 - twister - DEBUG - OUTPUT: ===================================================================
2026-05-28 20:03:28,598 - twister - DEBUG - OUTPUT: TESTSUITE ring_buf_push_pop succeeded
2026-05-28 20:03:28,598 - twister - DEBUG - OUTPUT: Running TESTSUITE ring_buf_push_pop
2026-05-28 20:03:28,598 - twister - DEBUG - OUTPUT: ===================================================================
2026-05-28 20:03:28,598 - twister - DEBUG - OUTPUT: START - test_push_full_returns_enospc
2026-05-28 20:03:28,598 - twister - DEBUG - OUTPUT: [00:00:00.000,000] [1;33m<wrn> ring_buf: buffer full (capacity=4)[0m
2026-05-28 20:03:28,598 - twister - DEBUG - OUTPUT:  PASS - test_push_full_returns_enospc in 0.000 seconds
2026-05-28 20:03:28,598 - twister - DEBUG - OUTPUT: ===================================================================
2026-05-28 20:03:28,598 - twister - DEBUG - OUTPUT: START - test_single_push_pop
2026-05-28 20:03:28,598 - twister - DEBUG - OUTPUT:  PASS - test_single_push_pop in 0.000 seconds
2026-05-28 20:03:28,599 - twister - DEBUG - OUTPUT: ===================================================================
2026-05-28 20:03:28,599 - twister - DEBUG - OUTPUT: START - test_fifo_order
2026-05-28 20:03:28,599 - twister - DEBUG - OUTPUT:  PASS - test_fifo_order in 0.000 seconds
2026-05-28 20:03:28,599 - twister - DEBUG - OUTPUT: ===================================================================
2026-05-28 20:03:28,599 - twister - DEBUG - OUTPUT: START - test_fifo_order
2026-05-28 20:03:28,599 - twister - DEBUG - OUTPUT:  PASS - test_fifo_order in 0.000 seconds
2026-05-28 20:03:28,599 - twister - DEBUG - OUTPUT: ===================================================================
2026-05-28 20:03:28,599 - twister - DEBUG - OUTPUT: START - test_push_full_returns_enospc
2026-05-28 20:03:28,599 - twister - DEBUG - OUTPUT: [00:00:00.000,000] [1;33m<wrn> ring_buf: buffer full (capacity=4)[0m
2026-05-28 20:03:28,599 - twister - DEBUG - OUTPUT:  PASS - test_push_full_returns_enospc in 0.000 seconds
2026-05-28 20:03:28,600 - twister - DEBUG - OUTPUT: ===================================================================
2026-05-28 20:03:28,600 - twister - DEBUG - OUTPUT: START - test_single_push_pop
2026-05-28 20:03:28,600 - twister - DEBUG - OUTPUT:  PASS - test_single_push_pop in 0.000 seconds
2026-05-28 20:03:28,600 - twister - DEBUG - OUTPUT: ===================================================================
2026-05-28 20:03:28,600 - twister - DEBUG - OUTPUT: START - test_fifo_order
2026-05-28 20:03:28,600 - twister - DEBUG - OUTPUT:  PASS - test_fifo_order in 0.000 seconds
2026-05-28 20:03:28,600 - twister - DEBUG - OUTPUT: ===================================================================
2026-05-28 20:03:28,600 - twister - DEBUG - OUTPUT: START - test_push_full_returns_enospc
2026-05-28 20:03:28,600 - twister - DEBUG - OUTPUT: [00:00:00.000,000] [1;33m<wrn> ring_buf: buffer full (capacity=4)[0m
2026-05-28 20:03:28,600 - twister - DEBUG - OUTPUT:  PASS - test_push_full_returns_enospc in 0.000 seconds
2026-05-28 20:03:28,601 - twister - DEBUG - OUTPUT: ===================================================================
2026-05-28 20:03:28,601 - twister - DEBUG - OUTPUT: START - test_single_push_pop
2026-05-28 20:03:28,601 - twister - DEBUG - OUTPUT:  PASS - test_single_push_pop in 0.000 seconds
2026-05-28 20:03:28,601 - twister - DEBUG - OUTPUT: ===================================================================
2026-05-28 20:03:28,601 - twister - DEBUG - OUTPUT: TESTSUITE ring_buf_push_pop succeeded
2026-05-28 20:03:28,601 - twister - DEBUG - OUTPUT: Running TESTSUITE ring_buf_push_pop
2026-05-28 20:03:28,601 - twister - DEBUG - OUTPUT: ===================================================================
2026-05-28 20:03:28,601 - twister - DEBUG - OUTPUT: START - test_single_push_pop
2026-05-28 20:03:28,601 - twister - DEBUG - OUTPUT:  PASS - test_single_push_pop in 0.000 seconds
2026-05-28 20:03:28,601 - twister - DEBUG - OUTPUT: ===================================================================
2026-05-28 20:03:28,602 - twister - DEBUG - OUTPUT: START - test_fifo_order
2026-05-28 20:03:28,602 - twister - DEBUG - OUTPUT:  PASS - test_fifo_order in 0.000 seconds
2026-05-28 20:03:28,602 - twister - DEBUG - OUTPUT: ===================================================================
2026-05-28 20:03:28,602 - twister - DEBUG - OUTPUT: START - test_push_full_returns_enospc
2026-05-28 20:03:28,602 - twister - DEBUG - OUTPUT: [00:00:00.000,000] [1;33m<wrn> ring_buf: buffer full (capacity=4)[0m
2026-05-28 20:03:28,602 - twister - DEBUG - OUTPUT:  PASS - test_push_full_returns_enospc in 0.000 seconds
2026-05-28 20:03:28,602 - twister - DEBUG - OUTPUT: ===================================================================
2026-05-28 20:03:28,602 - twister - DEBUG - OUTPUT: START - test_single_push_pop
2026-05-28 20:03:28,602 - twister - DEBUG - OUTPUT:  PASS - test_single_push_pop in 0.000 seconds
2026-05-28 20:03:28,602 - twister - DEBUG - OUTPUT: ===================================================================
2026-05-28 20:03:28,603 - twister - DEBUG - OUTPUT: START - test_push_full_returns_enospc
2026-05-28 20:03:28,603 - twister - DEBUG - OUTPUT: [00:00:00.000,000] [1;33m<wrn> ring_buf: buffer full (capacity=4)[0m
2026-05-28 20:03:28,603 - twister - DEBUG - OUTPUT:  PASS - test_push_full_returns_enospc in 0.000 seconds
2026-05-28 20:03:28,603 - twister - DEBUG - OUTPUT: ===================================================================
2026-05-28 20:03:28,603 - twister - DEBUG - OUTPUT: START - test_fifo_order
2026-05-28 20:03:28,603 - twister - DEBUG - OUTPUT:  PASS - test_fifo_order in 0.000 seconds
2026-05-28 20:03:28,603 - twister - DEBUG - OUTPUT: ===================================================================
2026-05-28 20:03:28,603 - twister - DEBUG - OUTPUT: START - test_single_push_pop
2026-05-28 20:03:28,603 - twister - DEBUG - OUTPUT:  PASS - test_single_push_pop in 0.000 seconds
2026-05-28 20:03:28,604 - twister - DEBUG - OUTPUT: ===================================================================
2026-05-28 20:03:28,604 - twister - DEBUG - OUTPUT: START - test_push_full_returns_enospc
2026-05-28 20:03:28,604 - twister - DEBUG - OUTPUT: [00:00:00.000,000] [1;33m<wrn> ring_buf: buffer full (capacity=4)[0m
2026-05-28 20:03:28,604 - twister - DEBUG - OUTPUT:  PASS - test_push_full_returns_enospc in 0.000 seconds
2026-05-28 20:03:28,604 - twister - DEBUG - OUTPUT: ===================================================================
2026-05-28 20:03:28,604 - twister - DEBUG - OUTPUT: START - test_fifo_order
2026-05-28 20:03:28,604 - twister - DEBUG - OUTPUT:  PASS - test_fifo_order in 0.000 seconds
2026-05-28 20:03:28,604 - twister - DEBUG - OUTPUT: ===================================================================
2026-05-28 20:03:28,604 - twister - DEBUG - OUTPUT: TESTSUITE ring_buf_push_pop succeeded
2026-05-28 20:03:28,604 - twister - DEBUG - OUTPUT: 
2026-05-28 20:03:28,605 - twister - DEBUG - OUTPUT: ------ TESTSUITE SUMMARY START ------
2026-05-28 20:03:28,605 - twister - DEBUG - OUTPUT: 
2026-05-28 20:03:28,605 - twister - DEBUG - OUTPUT: SUITE PASS - 100.00% [ring_buf_boundaries]: pass = 3, fail = 0, skip = 0, total = 3 duration = 0.000 seconds
2026-05-28 20:03:28,605 - twister - DEBUG - OUTPUT:  - PASS - [ring_buf_boundaries.test_is_full_after_fill] duration = 0.000 seconds
2026-05-28 20:03:28,605 - twister - DEBUG - OUTPUT:  - PASS - [ring_buf_boundaries.test_peek_does_not_consume] duration = 0.000 seconds
2026-05-28 20:03:28,605 - twister - DEBUG - OUTPUT:  - PASS - [ring_buf_boundaries.test_pop_null_returns_einval] duration = 0.000 seconds
2026-05-28 20:03:28,605 - twister - DEBUG - OUTPUT: 
2026-05-28 20:03:28,605 - twister - DEBUG - OUTPUT: SUITE PASS - 100.00% [ring_buf_init]: pass = 2, fail = 0, skip = 0, total = 2 duration = 0.000 seconds
2026-05-28 20:03:28,605 - twister - DEBUG - OUTPUT:  - PASS - [ring_buf_init.test_fresh_state] duration = 0.000 seconds
2026-05-28 20:03:28,605 - twister - DEBUG - OUTPUT:  - PASS - [ring_buf_init.test_reinit_clears_state] duration = 0.000 seconds
2026-05-28 20:03:28,606 - twister - DEBUG - OUTPUT: 
2026-05-28 20:03:28,606 - twister - DEBUG - OUTPUT: SUITE PASS - 100.00% [ring_buf_push_pop]: pass = 3, fail = 0, skip = 0, total = 3 duration = 0.000 seconds
2026-05-28 20:03:28,606 - twister - DEBUG - OUTPUT:  - PASS - [ring_buf_push_pop.test_fifo_order] duration = 0.000 seconds
2026-05-28 20:03:28,606 - twister - DEBUG - OUTPUT:  - PASS - [ring_buf_push_pop.test_push_full_returns_enospc] duration = 0.000 seconds
2026-05-28 20:03:28,606 - twister - DEBUG - OUTPUT:  - PASS - [ring_buf_push_pop.test_single_push_pop] duration = 0.000 seconds
2026-05-28 20:03:28,606 - twister - DEBUG - OUTPUT: 
2026-05-28 20:03:28,606 - twister - DEBUG - OUTPUT: ------ TESTSUITE SUMMARY END ------
2026-05-28 20:03:28,606 - twister - DEBUG - OUTPUT: 
2026-05-28 20:03:28,606 - twister - DEBUG - OUTPUT: ===================================================================
2026-05-28 20:03:28,606 - twister - DEBUG - OUTPUT: RunID: 445888166d1c9e0b8b72886ba7e50dcd
2026-05-28 20:03:28,607 - twister - DEBUG - OUTPUT: PROJECT EXECUTION SUCCESSFUL
2026-05-28 20:03:28,608 - twister - DEBUG - Expected suite names:['ring_buf_init', 'ring_buf_push_pop', 'ring_buf_boundaries']
2026-05-28 20:03:28,608 - twister - DEBUG - Detected suite names:['ring_buf_boundaries', 'ring_buf_init', 'ring_buf_push_pop']
2026-05-28 20:03:28,608 - twister - DEBUG - run status: native_sim/native/host/homework.unit.ring_buf passed
2026-05-28 20:03:28,613 - twister - INFO - 1 test scenarios (1 configurations) selected, 0 configurations filtered (0 by static filter, 0 at runtime).
2026-05-28 20:03:28,617 - twister - INFO - [32m1 of 1[39m executed test configurations passed (100.00%), 0 built (not run), 0 failed, 0 errored, with no warnings in 6.98 seconds.
2026-05-28 20:03:28,617 - twister - INFO - 8 of 8 executed test cases passed (100.00%) on 1 out of total 1259 platforms (0.08%).
2026-05-28 20:03:28,617 - twister - INFO - [32m1[39m test configurations executed on platforms, [36m0[39m test configurations were only built.
2026-05-28 20:03:28,617 - twister - INFO - Saving reports...
2026-05-28 20:03:28,617 - twister - INFO - Writing JSON report /home/ivan/projects/zephyr_workbench/zephyr-course/twister-out/twister.json
2026-05-28 20:03:28,618 - twister - INFO - Writing xunit report /home/ivan/projects/zephyr_workbench/zephyr-course/twister-out/twister.xml...
2026-05-28 20:03:28,618 - twister - INFO - Writing xunit report /home/ivan/projects/zephyr_workbench/zephyr-course/twister-out/twister_report.xml...
2026-05-28 20:03:28,619 - twister - INFO - Run completed
